[INFO] Scanning for projects...
[INFO] 
[INFO] --------------------------< org.unicef:pdsr >---------------------------
[INFO] Building pdsr 2.5.1
[INFO]   from pom.xml
[INFO] --------------------------------[ jar ]---------------------------------
[INFO] 
[INFO] --- resources:3.2.0:resources (default-resources) @ pdsr ---
[INFO] Using 'UTF-8' encoding to copy filtered resources.
[INFO] Using 'UTF-8' encoding to copy filtered properties files.
[INFO] Copying 1 resource
[INFO] Copying 134 resources
[INFO] 
[INFO] --- compiler:3.8.1:compile (default-compile) @ pdsr ---
[INFO] Changes detected - recompiling the module!
[INFO] Compiling 221 source files to C:\Users\SK\Documents\empdsr\new_main_empdsr\pdsr\target\classes
[INFO] 
[INFO] --- resources:3.2.0:testResources (default-testResources) @ pdsr ---
[INFO] Using 'UTF-8' encoding to copy filtered resources.
[INFO] Using 'UTF-8' encoding to copy filtered properties files.
[INFO] skip non existing resourceDirectory C:\Users\SK\Documents\empdsr\new_main_empdsr\pdsr\src\test\resources
[INFO] 
[INFO] --- compiler:3.8.1:testCompile (default-testCompile) @ pdsr ---
[INFO] No sources to compile
[INFO] 
[INFO] --- surefire:2.22.2:test (default-test) @ pdsr ---
[INFO] Tests are skipped.
[INFO] 
[INFO] --- jar:3.2.0:jar (default-jar) @ pdsr ---
[INFO] Building jar: C:\Users\SK\Documents\empdsr\new_main_empdsr\pdsr\target\pdsr.jar
[INFO] 
[INFO] --- spring-boot:2.5.0:repackage (repackage) @ pdsr ---
[INFO] Replacing main artifact with repackaged archive
[INFO] 
[INFO] --- install:2.5.2:install (default-install) @ pdsr ---
[INFO] Installing C:\Users\SK\Documents\empdsr\new_main_empdsr\pdsr\target\pdsr.jar to C:\Users\SK\.m2\repository\org\unicef\pdsr\2.5.1\pdsr-2.5.1.jar
[INFO] Installing C:\Users\SK\Documents\empdsr\new_main_empdsr\pdsr\pom.xml to C:\Users\SK\.m2\repository\org\unicef\pdsr\2.5.1\pdsr-2.5.1.pom
[INFO] ------------------------------------------------------------------------
[INFO] BUILD SUCCESS
[INFO] ------------------------------------------------------------------------
[INFO] Total time:  01:12 min
[INFO] Finished at: 2026-02-13T21:03:38+03:00
[INFO] ------------------------------------------------------------------------
