[INFO] Scanning for projects...
[INFO] 
[INFO] --------------------------< org.unicef:pdsr >---------------------------
[INFO] Building pdsr 2.5.1
[INFO]   from pom.xml
[INFO] --------------------------------[ jar ]---------------------------------
[INFO] 
[INFO] --- clean:3.1.0:clean (default-clean) @ pdsr ---
[INFO] Deleting C:\Users\SK\Documents\empdsr\new_main_empdsr\pdsr\target
[INFO] 
[INFO] --- resources:3.2.0:resources (default-resources) @ pdsr ---
[INFO] Using 'UTF-8' encoding to copy filtered resources.
[INFO] Using 'UTF-8' encoding to copy filtered properties files.
[INFO] Copying 1 resource
[INFO] Copying 134 resources
[INFO] 
[INFO] --- compiler:3.8.1:compile (default-compile) @ pdsr ---
[INFO] Changes detected - recompiling the module!
[INFO] Compiling 219 source files to C:\Users\SK\Documents\empdsr\new_main_empdsr\pdsr\target\classes
[INFO] -------------------------------------------------------------
[ERROR] COMPILATION ERROR : 
[INFO] -------------------------------------------------------------
[ERROR] /C:/Users/SK/Documents/empdsr/new_main_empdsr/pdsr/src/main/java/org/pdsr/controller/CaseEntryController.java:[2999,37] method mageOptionsSelectOne() is already defined in class org.pdsr.controller.CaseEntryController
[ERROR] /C:/Users/SK/Documents/empdsr/new_main_empdsr/pdsr/src/main/java/org/pdsr/controller/CaseEntryController.java:[3011,37] method eduOptionsSelectOne() is already defined in class org.pdsr.controller.CaseEntryController
[ERROR] /C:/Users/SK/Documents/empdsr/new_main_empdsr/pdsr/src/main/java/org/pdsr/controller/CaseEntryController.java:[3023,37] method workOptionsSelectOne() is already defined in class org.pdsr.controller.CaseEntryController
[ERROR] /C:/Users/SK/Documents/empdsr/new_main_empdsr/pdsr/src/main/java/org/pdsr/controller/CaseEntryController.java:[3035,37] method maritalOptionsSelectOne() is already defined in class org.pdsr.controller.CaseEntryController
[ERROR] /C:/Users/SK/Documents/empdsr/new_main_empdsr/pdsr/src/main/java/org/pdsr/controller/CaseEntryController.java:[3047,37] method religionOptionsSelectOne() is already defined in class org.pdsr.controller.CaseEntryController
[ERROR] /C:/Users/SK/Documents/empdsr/new_main_empdsr/pdsr/src/main/java/org/pdsr/controller/CaseEntryController.java:[3059,37] method sexOptionsSelectOne() is already defined in class org.pdsr.controller.CaseEntryController
[ERROR] /C:/Users/SK/Documents/empdsr/new_main_empdsr/pdsr/src/main/java/org/pdsr/controller/CaseEntryController.java:[3072,37] method pweeksOptionsSelectOne() is already defined in class org.pdsr.controller.CaseEntryController
[ERROR] /C:/Users/SK/Documents/empdsr/new_main_empdsr/pdsr/src/main/java/org/pdsr/controller/CaseEntryController.java:[3084,37] method pdaysOptionsSelectOne() is already defined in class org.pdsr.controller.CaseEntryController
[ERROR] /C:/Users/SK/Documents/empdsr/new_main_empdsr/pdsr/src/main/java/org/pdsr/controller/CaseEntryController.java:[3096,37] method ptypeOptionsSelectOne() is already defined in class org.pdsr.controller.CaseEntryController
[ERROR] /C:/Users/SK/Documents/empdsr/new_main_empdsr/pdsr/src/main/java/org/pdsr/controller/CaseEntryController.java:[3108,37] method liqourodourOptionsSelectOne() is already defined in class org.pdsr.controller.CaseEntryController
[ERROR] /C:/Users/SK/Documents/empdsr/new_main_empdsr/pdsr/src/main/java/org/pdsr/controller/CaseEntryController.java:[3120,37] method babyoutcomeOptionsSelectOne() is already defined in class org.pdsr.controller.CaseEntryController
[ERROR] /C:/Users/SK/Documents/empdsr/new_main_empdsr/pdsr/src/main/java/org/pdsr/controller/CaseEntryController.java:[3132,37] method motheroutcomeOptionsSelectOne() is already defined in class org.pdsr.controller.CaseEntryController
[ERROR] /C:/Users/SK/Documents/empdsr/new_main_empdsr/pdsr/src/main/java/org/pdsr/controller/CaseEntryController.java:[3144,37] method lastheardOptionsSelectOne() is already defined in class org.pdsr.controller.CaseEntryController
[ERROR] /C:/Users/SK/Documents/empdsr/new_main_empdsr/pdsr/src/main/java/org/pdsr/controller/CaseEntryController.java:[3156,37] method apgarOptionsSelectOne() is already defined in class org.pdsr.controller.CaseEntryController
[ERROR] /C:/Users/SK/Documents/empdsr/new_main_empdsr/pdsr/src/main/java/org/pdsr/controller/CaseEntryController.java:[3169,37] method neocodOptionsSelectOne() is already defined in class org.pdsr.controller.CaseEntryController
[INFO] 15 errors 
[INFO] -------------------------------------------------------------
[INFO] ------------------------------------------------------------------------
[INFO] BUILD FAILURE
[INFO] ------------------------------------------------------------------------
[INFO] Total time:  23.885 s
[INFO] Finished at: 2026-02-12T07:23:26+03:00
[INFO] ------------------------------------------------------------------------
[ERROR] Failed to execute goal org.apache.maven.plugins:maven-compiler-plugin:3.8.1:compile (default-compile) on project pdsr: Compilation failure: Compilation failure: 
[ERROR] /C:/Users/SK/Documents/empdsr/new_main_empdsr/pdsr/src/main/java/org/pdsr/controller/CaseEntryController.java:[2999,37] method mageOptionsSelectOne() is already defined in class org.pdsr.controller.CaseEntryController
[ERROR] /C:/Users/SK/Documents/empdsr/new_main_empdsr/pdsr/src/main/java/org/pdsr/controller/CaseEntryController.java:[3011,37] method eduOptionsSelectOne() is already defined in class org.pdsr.controller.CaseEntryController
[ERROR] /C:/Users/SK/Documents/empdsr/new_main_empdsr/pdsr/src/main/java/org/pdsr/controller/CaseEntryController.java:[3023,37] method workOptionsSelectOne() is already defined in class org.pdsr.controller.CaseEntryController
[ERROR] /C:/Users/SK/Documents/empdsr/new_main_empdsr/pdsr/src/main/java/org/pdsr/controller/CaseEntryController.java:[3035,37] method maritalOptionsSelectOne() is already defined in class org.pdsr.controller.CaseEntryController
[ERROR] /C:/Users/SK/Documents/empdsr/new_main_empdsr/pdsr/src/main/java/org/pdsr/controller/CaseEntryController.java:[3047,37] method religionOptionsSelectOne() is already defined in class org.pdsr.controller.CaseEntryController
[ERROR] /C:/Users/SK/Documents/empdsr/new_main_empdsr/pdsr/src/main/java/org/pdsr/controller/CaseEntryController.java:[3059,37] method sexOptionsSelectOne() is already defined in class org.pdsr.controller.CaseEntryController
[ERROR] /C:/Users/SK/Documents/empdsr/new_main_empdsr/pdsr/src/main/java/org/pdsr/controller/CaseEntryController.java:[3072,37] method pweeksOptionsSelectOne() is already defined in class org.pdsr.controller.CaseEntryController
[ERROR] /C:/Users/SK/Documents/empdsr/new_main_empdsr/pdsr/src/main/java/org/pdsr/controller/CaseEntryController.java:[3084,37] method pdaysOptionsSelectOne() is already defined in class org.pdsr.controller.CaseEntryController
[ERROR] /C:/Users/SK/Documents/empdsr/new_main_empdsr/pdsr/src/main/java/org/pdsr/controller/CaseEntryController.java:[3096,37] method ptypeOptionsSelectOne() is already defined in class org.pdsr.controller.CaseEntryController
[ERROR] /C:/Users/SK/Documents/empdsr/new_main_empdsr/pdsr/src/main/java/org/pdsr/controller/CaseEntryController.java:[3108,37] method liqourodourOptionsSelectOne() is already defined in class org.pdsr.controller.CaseEntryController
[ERROR] /C:/Users/SK/Documents/empdsr/new_main_empdsr/pdsr/src/main/java/org/pdsr/controller/CaseEntryController.java:[3120,37] method babyoutcomeOptionsSelectOne() is already defined in class org.pdsr.controller.CaseEntryController
[ERROR] /C:/Users/SK/Documents/empdsr/new_main_empdsr/pdsr/src/main/java/org/pdsr/controller/CaseEntryController.java:[3132,37] method motheroutcomeOptionsSelectOne() is already defined in class org.pdsr.controller.CaseEntryController
[ERROR] /C:/Users/SK/Documents/empdsr/new_main_empdsr/pdsr/src/main/java/org/pdsr/controller/CaseEntryController.java:[3144,37] method lastheardOptionsSelectOne() is already defined in class org.pdsr.controller.CaseEntryController
[ERROR] /C:/Users/SK/Documents/empdsr/new_main_empdsr/pdsr/src/main/java/org/pdsr/controller/CaseEntryController.java:[3156,37] method apgarOptionsSelectOne() is already defined in class org.pdsr.controller.CaseEntryController
[ERROR] /C:/Users/SK/Documents/empdsr/new_main_empdsr/pdsr/src/main/java/org/pdsr/controller/CaseEntryController.java:[3169,37] method neocodOptionsSelectOne() is already defined in class org.pdsr.controller.CaseEntryController
[ERROR] -> [Help 1]
[ERROR] 
[ERROR] To see the full stack trace of the errors, re-run Maven with the -e switch.
[ERROR] Re-run Maven using the -X switch to enable full debug logging.
[ERROR] 
[ERROR] For more information about the errors and possible solutions, please read the following articles:
[ERROR] [Help 1] http://cwiki.apache.org/confluence/display/MAVEN/MojoFailureException
