[INFO] Scanning for projects...
[INFO] 
[INFO] --------------------------< org.unicef:pdsr >---------------------------
[INFO] Building pdsr 2.5.1
[INFO]   from pom.xml
[INFO] --------------------------------[ jar ]---------------------------------
[INFO] 
[INFO] --- clean:3.1.0:clean (default-clean) @ pdsr ---
[INFO] Deleting C:\Users\SK\Documents\empdsr\new_main_empdsr\pdsr\target
[INFO] 
[INFO] --- resources:3.2.0:resources (default-resources) @ pdsr ---
[INFO] Using 'UTF-8' encoding to copy filtered resources.
[INFO] Using 'UTF-8' encoding to copy filtered properties files.
[INFO] Copying 1 resource
[INFO] Copying 134 resources
[INFO] 
[INFO] --- compiler:3.8.1:compile (default-compile) @ pdsr ---
[INFO] Changes detected - recompiling the module!
[INFO] Compiling 221 source files to C:\Users\SK\Documents\empdsr\new_main_empdsr\pdsr\target\classes
[INFO] -------------------------------------------------------------
[ERROR] COMPILATION ERROR : 
[INFO] -------------------------------------------------------------
[ERROR] /C:/Users/SK/Documents/empdsr/new_main_empdsr/pdsr/src/main/java/org/pdsr/controller/CaseEntryController.java:[2751,37] method deathOptionsSelectOne() is already defined in class org.pdsr.controller.CaseEntryController
[ERROR] /C:/Users/SK/Documents/empdsr/new_main_empdsr/pdsr/src/main/java/org/pdsr/controller/CaseEntryController.java:[2763,37] method sexOptionsSelectOne() is already defined in class org.pdsr.controller.CaseEntryController
[ERROR] /C:/Users/SK/Documents/empdsr/new_main_empdsr/pdsr/src/main/java/org/pdsr/controller/CaseEntryController.java:[2775,37] method mageOptionsSelectOne() is already defined in class org.pdsr.controller.CaseEntryController
[ERROR] /C:/Users/SK/Documents/empdsr/new_main_empdsr/pdsr/src/main/java/org/pdsr/controller/CaseEntryController.java:[2787,37] method eduOptionsSelectOne() is already defined in class org.pdsr.controller.CaseEntryController
[ERROR] /C:/Users/SK/Documents/empdsr/new_main_empdsr/pdsr/src/main/java/org/pdsr/controller/CaseEntryController.java:[2799,37] method workOptionsSelectOne() is already defined in class org.pdsr.controller.CaseEntryController
[ERROR] /C:/Users/SK/Documents/empdsr/new_main_empdsr/pdsr/src/main/java/org/pdsr/controller/CaseEntryController.java:[2811,37] method maritalOptionsSelectOne() is already defined in class org.pdsr.controller.CaseEntryController
[ERROR] /C:/Users/SK/Documents/empdsr/new_main_empdsr/pdsr/src/main/java/org/pdsr/controller/CaseEntryController.java:[2823,37] method religionOptionsSelectOne() is already defined in class org.pdsr.controller.CaseEntryController
[ERROR] /C:/Users/SK/Documents/empdsr/new_main_empdsr/pdsr/src/main/java/org/pdsr/controller/CaseEntryController.java:[2835,37] method ethnicOptionsSelectOne() is already defined in class org.pdsr.controller.CaseEntryController
[ERROR] /C:/Users/SK/Documents/empdsr/new_main_empdsr/pdsr/src/main/java/org/pdsr/controller/CaseEntryController.java:[2847,37] method rnokOptionsSelectOne() is already defined in class org.pdsr.controller.CaseEntryController
[ERROR] /C:/Users/SK/Documents/empdsr/new_main_empdsr/pdsr/src/main/java/org/pdsr/controller/CaseEntryController.java:[2859,37] method pweeksOptionsSelectOne() is already defined in class org.pdsr.controller.CaseEntryController
[ERROR] /C:/Users/SK/Documents/empdsr/new_main_empdsr/pdsr/src/main/java/org/pdsr/controller/CaseEntryController.java:[2870,37] method pdaysOptionsSelectOne() is already defined in class org.pdsr.controller.CaseEntryController
[ERROR] /C:/Users/SK/Documents/empdsr/new_main_empdsr/pdsr/src/main/java/org/pdsr/controller/CaseEntryController.java:[2881,37] method ptypeOptionsSelectOne() is already defined in class org.pdsr.controller.CaseEntryController
[ERROR] /C:/Users/SK/Documents/empdsr/new_main_empdsr/pdsr/src/main/java/org/pdsr/controller/CaseEntryController.java:[2893,37] method graviparaOptionsSelectOne() is already defined in class org.pdsr.controller.CaseEntryController
[ERROR] /C:/Users/SK/Documents/empdsr/new_main_empdsr/pdsr/src/main/java/org/pdsr/controller/CaseEntryController.java:[2906,37] method minuteOptionsSelectOne() is already defined in class org.pdsr.controller.CaseEntryController
[INFO] 14 errors 
[INFO] -------------------------------------------------------------
[INFO] ------------------------------------------------------------------------
[INFO] BUILD FAILURE
[INFO] ------------------------------------------------------------------------
[INFO] Total time:  28.187 s
[INFO] Finished at: 2026-02-13T10:25:57+03:00
[INFO] ------------------------------------------------------------------------
[ERROR] Failed to execute goal org.apache.maven.plugins:maven-compiler-plugin:3.8.1:compile (default-compile) on project pdsr: Compilation failure: Compilation failure: 
[ERROR] /C:/Users/SK/Documents/empdsr/new_main_empdsr/pdsr/src/main/java/org/pdsr/controller/CaseEntryController.java:[2751,37] method deathOptionsSelectOne() is already defined in class org.pdsr.controller.CaseEntryController
[ERROR] /C:/Users/SK/Documents/empdsr/new_main_empdsr/pdsr/src/main/java/org/pdsr/controller/CaseEntryController.java:[2763,37] method sexOptionsSelectOne() is already defined in class org.pdsr.controller.CaseEntryController
[ERROR] /C:/Users/SK/Documents/empdsr/new_main_empdsr/pdsr/src/main/java/org/pdsr/controller/CaseEntryController.java:[2775,37] method mageOptionsSelectOne() is already defined in class org.pdsr.controller.CaseEntryController
[ERROR] /C:/Users/SK/Documents/empdsr/new_main_empdsr/pdsr/src/main/java/org/pdsr/controller/CaseEntryController.java:[2787,37] method eduOptionsSelectOne() is already defined in class org.pdsr.controller.CaseEntryController
[ERROR] /C:/Users/SK/Documents/empdsr/new_main_empdsr/pdsr/src/main/java/org/pdsr/controller/CaseEntryController.java:[2799,37] method workOptionsSelectOne() is already defined in class org.pdsr.controller.CaseEntryController
[ERROR] /C:/Users/SK/Documents/empdsr/new_main_empdsr/pdsr/src/main/java/org/pdsr/controller/CaseEntryController.java:[2811,37] method maritalOptionsSelectOne() is already defined in class org.pdsr.controller.CaseEntryController
[ERROR] /C:/Users/SK/Documents/empdsr/new_main_empdsr/pdsr/src/main/java/org/pdsr/controller/CaseEntryController.java:[2823,37] method religionOptionsSelectOne() is already defined in class org.pdsr.controller.CaseEntryController
[ERROR] /C:/Users/SK/Documents/empdsr/new_main_empdsr/pdsr/src/main/java/org/pdsr/controller/CaseEntryController.java:[2835,37] method ethnicOptionsSelectOne() is already defined in class org.pdsr.controller.CaseEntryController
[ERROR] /C:/Users/SK/Documents/empdsr/new_main_empdsr/pdsr/src/main/java/org/pdsr/controller/CaseEntryController.java:[2847,37] method rnokOptionsSelectOne() is already defined in class org.pdsr.controller.CaseEntryController
[ERROR] /C:/Users/SK/Documents/empdsr/new_main_empdsr/pdsr/src/main/java/org/pdsr/controller/CaseEntryController.java:[2859,37] method pweeksOptionsSelectOne() is already defined in class org.pdsr.controller.CaseEntryController
[ERROR] /C:/Users/SK/Documents/empdsr/new_main_empdsr/pdsr/src/main/java/org/pdsr/controller/CaseEntryController.java:[2870,37] method pdaysOptionsSelectOne() is already defined in class org.pdsr.controller.CaseEntryController
[ERROR] /C:/Users/SK/Documents/empdsr/new_main_empdsr/pdsr/src/main/java/org/pdsr/controller/CaseEntryController.java:[2881,37] method ptypeOptionsSelectOne() is already defined in class org.pdsr.controller.CaseEntryController
[ERROR] /C:/Users/SK/Documents/empdsr/new_main_empdsr/pdsr/src/main/java/org/pdsr/controller/CaseEntryController.java:[2893,37] method graviparaOptionsSelectOne() is already defined in class org.pdsr.controller.CaseEntryController
[ERROR] /C:/Users/SK/Documents/empdsr/new_main_empdsr/pdsr/src/main/java/org/pdsr/controller/CaseEntryController.java:[2906,37] method minuteOptionsSelectOne() is already defined in class org.pdsr.controller.CaseEntryController
[ERROR] -> [Help 1]
[ERROR] 
[ERROR] To see the full stack trace of the errors, re-run Maven with the -e switch.
[ERROR] Re-run Maven using the -X switch to enable full debug logging.
[ERROR] 
[ERROR] For more information about the errors and possible solutions, please read the following articles:
[ERROR] [Help 1] http://cwiki.apache.org/confluence/display/MAVEN/MojoFailureException
